INFO    : PreTeXt-CLI version: 2.6.2

INFO    : PreTeXt project found in `/workspaces/DiscreteMathForComputing`.
INFO    : Building target html
INFO    : downloading MyOpenMath static problems from /workspaces/DiscreteMathForComputing/source/main.ptx for placement in /workspaces/DiscreteMathForComputing/generated-assets/problems
INFO    : XSL conversion of /workspaces/DiscreteMathForComputing/source/main.ptx by /home/vscode/.ptx/2.6.2/core/xsl/extract-mom.xsl
INFO    : successful application of /home/vscode/.ptx/2.6.2/core/xsl/extract-mom.xsl
INFO    : downloading MOM #974079 to /workspaces/DiscreteMathForComputing/generated-assets/problems/mom-974079.xml...
INFO    : downloading MOM #974086 to /workspaces/DiscreteMathForComputing/generated-assets/problems/mom-974086.xml...
INFO    : downloading MOM #974643 to /workspaces/DiscreteMathForComputing/generated-assets/problems/mom-974643.xml...
INFO    : downloading MOM #974643 to /workspaces/DiscreteMathForComputing/generated-assets/problems/mom-974643.xml...
INFO    : downloading MOM #974643 to /workspaces/DiscreteMathForComputing/generated-assets/problems/mom-974643.xml...
INFO    : downloading MOM #974643 to /workspaces/DiscreteMathForComputing/generated-assets/problems/mom-974643.xml...
INFO    : downloading MOM #975427 to /workspaces/DiscreteMathForComputing/generated-assets/problems/mom-975427.xml...
INFO    : downloading MOM #975431 to /workspaces/DiscreteMathForComputing/generated-assets/problems/mom-975431.xml...
INFO    : downloading MOM #975437 to /workspaces/DiscreteMathForComputing/generated-assets/problems/mom-975437.xml...
INFO    : downloading MOM #975442 to /workspaces/DiscreteMathForComputing/generated-assets/problems/mom-975442.xml...
INFO    : downloading MOM #975449 to /workspaces/DiscreteMathForComputing/generated-assets/problems/mom-975449.xml...
INFO    : downloading MOM #975449 to /workspaces/DiscreteMathForComputing/generated-assets/problems/mom-975449.xml...
INFO    : downloading MOM #975449 to /workspaces/DiscreteMathForComputing/generated-assets/problems/mom-975449.xml...
INFO    : downloading MOM #975491 to /workspaces/DiscreteMathForComputing/generated-assets/problems/mom-975491.xml...
INFO    : downloading MOM #270046 to /workspaces/DiscreteMathForComputing/generated-assets/problems/mom-270046.xml...
INFO    : downloading MOM #270055 to /workspaces/DiscreteMathForComputing/generated-assets/problems/mom-270055.xml...
INFO    : downloading MOM #281568 to /workspaces/DiscreteMathForComputing/generated-assets/problems/mom-281568.xml...
INFO    : downloading MOM #281580 to /workspaces/DiscreteMathForComputing/generated-assets/problems/mom-281580.xml...
INFO    : downloading MOM #17424 to /workspaces/DiscreteMathForComputing/generated-assets/problems/mom-17424.xml...
INFO    : downloading MOM #122183 to /workspaces/DiscreteMathForComputing/generated-assets/problems/mom-122183.xml...
INFO    : downloading MOM #211694 to /workspaces/DiscreteMathForComputing/generated-assets/problems/mom-211694.xml...
INFO    : downloading MOM #122183 to /workspaces/DiscreteMathForComputing/generated-assets/problems/mom-122183.xml...
INFO    : downloading MOM #122183 to /workspaces/DiscreteMathForComputing/generated-assets/problems/mom-122183.xml...
INFO    : downloading MOM #270100 to /workspaces/DiscreteMathForComputing/generated-assets/problems/mom-270100.xml...
INFO    : downloading MOM #270102 to /workspaces/DiscreteMathForComputing/generated-assets/problems/mom-270102.xml...
INFO    : downloading MOM #293170 to /workspaces/DiscreteMathForComputing/generated-assets/problems/mom-293170.xml...
INFO    : downloading MOM #210842 to /workspaces/DiscreteMathForComputing/generated-assets/problems/mom-210842.xml...
INFO    : downloading MOM #270152 to /workspaces/DiscreteMathForComputing/generated-assets/problems/mom-270152.xml...
INFO    : downloading MOM #270167 to /workspaces/DiscreteMathForComputing/generated-assets/problems/mom-270167.xml...
INFO    : downloading MOM #295675 to /workspaces/DiscreteMathForComputing/generated-assets/problems/mom-295675.xml...
INFO    : downloading MOM #293324 to /workspaces/DiscreteMathForComputing/generated-assets/problems/mom-293324.xml...
INFO    : downloading MOM #295599 to /workspaces/DiscreteMathForComputing/generated-assets/problems/mom-295599.xml...
INFO    : downloading MOM #1200983 to /workspaces/DiscreteMathForComputing/generated-assets/problems/mom-1200983.xml...
INFO    : downloading MOM #1381474 to /workspaces/DiscreteMathForComputing/generated-assets/problems/mom-1381474.xml...
INFO    : downloading MOM #1381475 to /workspaces/DiscreteMathForComputing/generated-assets/problems/mom-1381475.xml...
INFO    : downloading MOM #1381477 to /workspaces/DiscreteMathForComputing/generated-assets/problems/mom-1381477.xml...
INFO    : downloading MOM #1381480 to /workspaces/DiscreteMathForComputing/generated-assets/problems/mom-1381480.xml...
INFO    : downloading MOM #1381482 to /workspaces/DiscreteMathForComputing/generated-assets/problems/mom-1381482.xml...
INFO    : downloading MOM #1381487 to /workspaces/DiscreteMathForComputing/generated-assets/problems/mom-1381487.xml...
INFO    : downloading MOM #1381488 to /workspaces/DiscreteMathForComputing/generated-assets/problems/mom-1381488.xml...
INFO    : downloading MOM #1381494 to /workspaces/DiscreteMathForComputing/generated-assets/problems/mom-1381494.xml...
INFO    : downloading MOM #1381501 to /workspaces/DiscreteMathForComputing/generated-assets/problems/mom-1381501.xml...
INFO    : downloading MOM #1381508 to /workspaces/DiscreteMathForComputing/generated-assets/problems/mom-1381508.xml...
INFO    : downloading MOM #1381631 to /workspaces/DiscreteMathForComputing/generated-assets/problems/mom-1381631.xml...
INFO    : downloading MOM #1381638 to /workspaces/DiscreteMathForComputing/generated-assets/problems/mom-1381638.xml...
INFO    : downloading MOM #1381654 to /workspaces/DiscreteMathForComputing/generated-assets/problems/mom-1381654.xml...
INFO    : downloading MOM #1381657 to /workspaces/DiscreteMathForComputing/generated-assets/problems/mom-1381657.xml...
INFO    : downloading MOM #983108 to /workspaces/DiscreteMathForComputing/generated-assets/problems/mom-983108.xml...
INFO    : downloading MOM #1392644 to /workspaces/DiscreteMathForComputing/generated-assets/problems/mom-1392644.xml...
INFO    : downloading MOM #1392648 to /workspaces/DiscreteMathForComputing/generated-assets/problems/mom-1392648.xml...
INFO    : downloading MOM #983749 to /workspaces/DiscreteMathForComputing/generated-assets/problems/mom-983749.xml...
INFO    : downloading MOM #995589 to /workspaces/DiscreteMathForComputing/generated-assets/problems/mom-995589.xml...
INFO    : downloading MOM #983179 to /workspaces/DiscreteMathForComputing/generated-assets/problems/mom-983179.xml...
INFO    : downloading MOM #983766 to /workspaces/DiscreteMathForComputing/generated-assets/problems/mom-983766.xml...
INFO    : downloading MOM #1392998 to /workspaces/DiscreteMathForComputing/generated-assets/problems/mom-1392998.xml...
INFO    : downloading MOM #1393001 to /workspaces/DiscreteMathForComputing/generated-assets/problems/mom-1393001.xml...
INFO    : downloading MOM #1393008 to /workspaces/DiscreteMathForComputing/generated-assets/problems/mom-1393008.xml...
INFO    : downloading MOM #1393010 to /workspaces/DiscreteMathForComputing/generated-assets/problems/mom-1393010.xml...
INFO    : downloading MOM #1144836 to /workspaces/DiscreteMathForComputing/generated-assets/problems/mom-1144836.xml...
INFO    : downloading MOM #1144841 to /workspaces/DiscreteMathForComputing/generated-assets/problems/mom-1144841.xml...
INFO    : downloading MOM #1201793 to /workspaces/DiscreteMathForComputing/generated-assets/problems/mom-1201793.xml...
INFO    : downloading MOM #1144833 to /workspaces/DiscreteMathForComputing/generated-assets/problems/mom-1144833.xml...
INFO    : downloading MOM #1144837 to /workspaces/DiscreteMathForComputing/generated-assets/problems/mom-1144837.xml...
INFO    : downloading MOM #1144838 to /workspaces/DiscreteMathForComputing/generated-assets/problems/mom-1144838.xml...
INFO    : downloading MOM #1005162 to /workspaces/DiscreteMathForComputing/generated-assets/problems/mom-1005162.xml...
INFO    : downloading MOM #1005188 to /workspaces/DiscreteMathForComputing/generated-assets/problems/mom-1005188.xml...
INFO    : downloading MOM #982380 to /workspaces/DiscreteMathForComputing/generated-assets/problems/mom-982380.xml...
INFO    : downloading MOM #982398 to /workspaces/DiscreteMathForComputing/generated-assets/problems/mom-982398.xml...
INFO    : downloading MOM #982400 to /workspaces/DiscreteMathForComputing/generated-assets/problems/mom-982400.xml...
INFO    : downloading MOM #982404 to /workspaces/DiscreteMathForComputing/generated-assets/problems/mom-982404.xml...
INFO    : downloading MOM #983689 to /workspaces/DiscreteMathForComputing/generated-assets/problems/mom-983689.xml...
INFO    : downloading MOM #983911 to /workspaces/DiscreteMathForComputing/generated-assets/problems/mom-983911.xml...
INFO    : downloading MOM #983932 to /workspaces/DiscreteMathForComputing/generated-assets/problems/mom-983932.xml...
INFO    : downloading MOM #983926 to /workspaces/DiscreteMathForComputing/generated-assets/problems/mom-983926.xml...
INFO    : downloading MOM #983694 to /workspaces/DiscreteMathForComputing/generated-assets/problems/mom-983694.xml...
INFO    : downloading MOM #153747 to /workspaces/DiscreteMathForComputing/generated-assets/problems/mom-153747.xml...
INFO    : downloading MOM #155837 to /workspaces/DiscreteMathForComputing/generated-assets/problems/mom-155837.xml...
INFO    : downloading MOM #7088 to /workspaces/DiscreteMathForComputing/generated-assets/problems/mom-7088.xml...
INFO    : downloading MOM #987312 to /workspaces/DiscreteMathForComputing/generated-assets/problems/mom-987312.xml...
INFO    : downloading MOM #987525 to /workspaces/DiscreteMathForComputing/generated-assets/problems/mom-987525.xml...
INFO    : downloading MOM #987073 to /workspaces/DiscreteMathForComputing/generated-assets/problems/mom-987073.xml...
INFO    : downloading MOM #987075 to /workspaces/DiscreteMathForComputing/generated-assets/problems/mom-987075.xml...
INFO    : downloading MOM #988776 to /workspaces/DiscreteMathForComputing/generated-assets/problems/mom-988776.xml...
INFO    : downloading MOM #988777 to /workspaces/DiscreteMathForComputing/generated-assets/problems/mom-988777.xml...
INFO    : downloading MOM #988778 to /workspaces/DiscreteMathForComputing/generated-assets/problems/mom-988778.xml...
INFO    : downloading MOM #988779 to /workspaces/DiscreteMathForComputing/generated-assets/problems/mom-988779.xml...
INFO    : downloading MOM #988781 to /workspaces/DiscreteMathForComputing/generated-assets/problems/mom-988781.xml...
INFO    : downloading MOM #988788 to /workspaces/DiscreteMathForComputing/generated-assets/problems/mom-988788.xml...
INFO    : downloading MOM #988791 to /workspaces/DiscreteMathForComputing/generated-assets/problems/mom-988791.xml...
INFO    : downloading MOM #988792 to /workspaces/DiscreteMathForComputing/generated-assets/problems/mom-988792.xml...
INFO    : downloading MOM #988792 to /workspaces/DiscreteMathForComputing/generated-assets/problems/mom-988792.xml...
INFO    : downloading MOM #988792 to /workspaces/DiscreteMathForComputing/generated-assets/problems/mom-988792.xml...
INFO    : downloading MOM #988792 to /workspaces/DiscreteMathForComputing/generated-assets/problems/mom-988792.xml...
INFO    : downloading MOM #988797 to /workspaces/DiscreteMathForComputing/generated-assets/problems/mom-988797.xml...
INFO    : downloading MOM #988799 to /workspaces/DiscreteMathForComputing/generated-assets/problems/mom-988799.xml...
INFO    : downloading MOM #988799 to /workspaces/DiscreteMathForComputing/generated-assets/problems/mom-988799.xml...
INFO    : downloading MOM #988799 to /workspaces/DiscreteMathForComputing/generated-assets/problems/mom-988799.xml...
INFO    : downloading MOM #988799 to /workspaces/DiscreteMathForComputing/generated-assets/problems/mom-988799.xml...
INFO    : downloading MOM #989247 to /workspaces/DiscreteMathForComputing/generated-assets/problems/mom-989247.xml...
INFO    : downloading MOM #989284 to /workspaces/DiscreteMathForComputing/generated-assets/problems/mom-989284.xml...
INFO    : downloading MOM #989284 to /workspaces/DiscreteMathForComputing/generated-assets/problems/mom-989284.xml...
INFO    : downloading MOM #989284 to /workspaces/DiscreteMathForComputing/generated-assets/problems/mom-989284.xml...
INFO    : downloading MOM #989284 to /workspaces/DiscreteMathForComputing/generated-assets/problems/mom-989284.xml...
INFO    : downloading MOM #989418 to /workspaces/DiscreteMathForComputing/generated-assets/problems/mom-989418.xml...
INFO    : MyOpenMath static problem download complete
INFO    : Removing temporary directory /tmp/ptx-ttg9az6k
INFO    : Preparing to build into /workspaces/DiscreteMathForComputing/output/html.
INFO    : discovering source file's directory name: /workspaces/DiscreteMathForComputing/source
INFO    : verifying and expanding input directory: /workspaces/DiscreteMathForComputing/source/../generated-assets
INFO    : input directory expanded to absolute path: /workspaces/DiscreteMathForComputing/generated-assets
INFO    : verifying and expanding input directory: /workspaces/DiscreteMathForComputing/source/../assets
INFO    : input directory expanded to absolute path: /workspaces/DiscreteMathForComputing/assets
INFO    : Runestone Services (via PreTeXt repository): version 7.3.3
INFO    : Runestone Services (using newer, via online CDN query): version 7.3.6
INFO    : Downloading Runestone Services, version 7.3.6
INFO    : Extracting Runestone Services from archive file
INFO    : converting /workspaces/DiscreteMathForComputing/source/main.ptx to HTML in /tmp/ptx-zekn0w12
INFO    : XSL conversion of /workspaces/DiscreteMathForComputing/source/main.ptx by /home/vscode/.ptx/2.6.2/core/xsl/pretext-html.xsl
INFO    : messages from the log for XSL processing:
WARNING : * PTX:WARNING: A section containing subsections needs to have other content inside an <introduction> and/or  <conclusion>.
INFO    : *              located within: "sec_counting-basics" (xml:id), "Basic Counting Techniques" (title)
INFO    : successful application of /home/vscode/.ptx/2.6.2/core/xsl/pretext-html.xsl
INFO    : 
Success! Run `pretext view` to see the results.

INFO    : 
